[36mvite v5.4.21 [32mbuilding for production...[36m[39m
transforming...
[32mΓ£ô[39m 2 modules transformed.
node.exe : [31mx[39m 
Build failed in 27ms
At line:1 char:1
+ & "C:\Program 
Files\nodejs/node.exe" 
"C:\Program 
Files\nodejs/node_mo ...
+ ~~~~~~~~~~~~~~~~~~~~~~~~
~~~~~~~~~~~~~~~~~~~~~~~~~~
~~~~~~~~~~~~~~~~~~~
    + CategoryInfo        
      : NotSpecified: (  
  [31mx[39m Build fail   
 ed in 27ms:String) []    
, RemoteException
    + FullyQualifiedError 
   Id : NativeCommandErr  
  or
 
[31merror during build:
[31m[vite:esbuild] 
Transform failed with 1 
error:
D:/Link_Up/Link_Up-fronten
d/src/main.jsx:1:6: 
ERROR: Expected ";" but 
found "React"[31m
file: [36mD:/Link_Up/Link
_Up-frontend/src/main.jsx:
1:6[31m
[33m
[33mExpected ";" but 
found "React"[33m
1  |  mport React from 
'react'
   |        ^
2  |  import ReactDOM 
from 'react-dom/client'
3  |  import { 
BrowserRouter } from 
'react-router-dom'
[31m
    at 
failureErrorWithLog (D:\Li
nk_Up\Link_Up-frontend\nod
e_modules\esbuild\lib\main
.js:1472:15)
    at D:\Link_Up\Link_Up-
frontend\node_modules\esbu
ild\lib\main.js:755:50
    at responseCallbacks.<
computed> (D:\Link_Up\Link
_Up-frontend\node_modules\
esbuild\lib\main.js:622:9)
    at 
handleIncomingPacket (D:\L
ink_Up\Link_Up-frontend\no
de_modules\esbuild\lib\mai
n.js:677:12)
    at 
Socket.readFromStdout (D:\
Link_Up\Link_Up-frontend\n
ode_modules\esbuild\lib\ma
in.js:600:7)
    at Socket.emit 
(node:events:508:28)
    at addChunk (node:inte
rnal/streams/readable:559:
12)
    at readableAddChunkPus
hByteMode (node:internal/s
treams/readable:510:3)
    at Readable.push (node
:internal/streams/readable
:390:5)
    at Pipe.onStreamRead (
node:internal/stream_base_
commons:189:23)[39m
